Warning: Failed writing log files to directory [/var/log/nvidia-mps]. No logs will be available.
Multiple runs task 153: source_group: BC, source_neuron: 7, target_group: POm, target_neuron: 46

--- Data Summary ---
Total events for source process 20158
Total events for target process 20800
Data Time: 900 seconds
Using device: cuda
Overwriting history_length: 128
Overwriting data_time_length: 900
Found existing results. Resuming from run 51...
All 50 runs have already been completed for task 153. Exiting.
Multiple runs task 147: source_group: BC, source_neuron: 6, target_group: POm, target_neuron: 57

--- Data Summary ---
Total events for source process 24874
Total events for target process 1872
Data Time: 900 seconds
Using device: cuda
Overwriting history_length: 128
Overwriting data_time_length: 900
Found existing results. Resuming from run 51...
All 50 runs have already been completed for task 147. Exiting.
Multiple runs task 155: source_group: BC, source_neuron: 7, target_group: POm, target_neuron: 48

--- Data Summary ---
Total events for source process 20158
Total events for target process 14713
Data Time: 900 seconds
Using device: cuda
Overwriting history_length: 128
Overwriting data_time_length: 900
Found existing results. Resuming from run 51...
All 50 runs have already been completed for task 155. Exiting.
Multiple runs task 158: source_group: BC, source_neuron: 7, target_group: POm, target_neuron: 51

--- Data Summary ---
Total events for source process 20158
Total events for target process 40082
Data Time: 900 seconds
Using device: cuda
Overwriting history_length: 128
Overwriting data_time_length: 900
Found existing results. Resuming from run 51...
All 50 runs have already been completed for task 158. Exiting.
Multiple runs task 148: source_group: BC, source_neuron: 6, target_group: POm, target_neuron: 58

--- Data Summary ---
Total events for source process 24874
Total events for target process 8618
Data Time: 900 seconds
Using device: cuda
Overwriting history_length: 128
Overwriting data_time_length: 900
Found existing results. Resuming from run 51...
All 50 runs have already been completed for task 148. Exiting.
Multiple runs task 144: source_group: BC, source_neuron: 6, target_group: POm, target_neuron: 54

--- Data Summary ---
Total events for source process 24874
Total events for target process 10752
Data Time: 900 seconds
Using device: cuda
Overwriting history_length: 128
Overwriting data_time_length: 900
Found existing results. Resuming from run 51...
All 50 runs have already been completed for task 144. Exiting.
Multiple runs task 149: source_group: BC, source_neuron: 6, target_group: POm, target_neuron: 59

--- Data Summary ---
Total events for source process 24874
Total events for target process 9421
Data Time: 900 seconds
Using device: cuda
Overwriting history_length: 128
Overwriting data_time_length: 900
Found existing results. Resuming from run 51...
All 50 runs have already been completed for task 149. Exiting.
Multiple runs task 157: source_group: BC, source_neuron: 7, target_group: POm, target_neuron: 50

--- Data Summary ---
Total events for source process 20158
Total events for target process 29032
Data Time: 900 seconds
Using device: cuda
Overwriting history_length: 128
Overwriting data_time_length: 900
Found existing results. Resuming from run 51...
All 50 runs have already been completed for task 157. Exiting.
Multiple runs task 159: source_group: BC, source_neuron: 7, target_group: POm, target_neuron: 52

--- Data Summary ---
Total events for source process 20158
Total events for target process 38515
Data Time: 900 seconds
Using device: cuda
Overwriting history_length: 128
Overwriting data_time_length: 900
Found existing results. Resuming from run 51...
All 50 runs have already been completed for task 159. Exiting.
Multiple runs task 152: source_group: BC, source_neuron: 6, target_group: POm, target_neuron: 62

--- Data Summary ---
Total events for source process 24874
Total events for target process 16159
Data Time: 900 seconds
Using device: cuda
Overwriting history_length: 128
Overwriting data_time_length: 900
Found existing results. Resuming from run 51...
All 50 runs have already been completed for task 152. Exiting.
Multiple runs task 154: source_group: BC, source_neuron: 7, target_group: POm, target_neuron: 47

--- Data Summary ---
Total events for source process 20158
Total events for target process 12731
Data Time: 900 seconds
Using device: cuda
Overwriting history_length: 128
Overwriting data_time_length: 900
Found existing results. Resuming from run 51...
All 50 runs have already been completed for task 154. Exiting.
Multiple runs task 150: source_group: BC, source_neuron: 6, target_group: POm, target_neuron: 60

--- Data Summary ---
Total events for source process 24874
Total events for target process 12539
Data Time: 900 seconds
Using device: cuda
Overwriting history_length: 128
Overwriting data_time_length: 900
Found existing results. Resuming from run 51...
All 50 runs have already been completed for task 150. Exiting.
Multiple runs task 156: source_group: BC, source_neuron: 7, target_group: POm, target_neuron: 49

--- Data Summary ---
Total events for source process 20158
Total events for target process 3403
Data Time: 900 seconds
Using device: cuda
Overwriting history_length: 128
Overwriting data_time_length: 900
Found existing results. Resuming from run 51...
All 50 runs have already been completed for task 156. Exiting.
Multiple runs task 146: source_group: BC, source_neuron: 6, target_group: POm, target_neuron: 56

--- Data Summary ---
Total events for source process 24874
Total events for target process 13628
Data Time: 900 seconds
Using device: cuda
Overwriting history_length: 128
Overwriting data_time_length: 900
Found existing results. Resuming from run 51...
All 50 runs have already been completed for task 146. Exiting.
Multiple runs task 151: source_group: BC, source_neuron: 6, target_group: POm, target_neuron: 61

--- Data Summary ---
Total events for source process 24874
Total events for target process 11540
Data Time: 900 seconds
Using device: cuda
Overwriting history_length: 128
Overwriting data_time_length: 900
Found existing results. Resuming from run 51...
All 50 runs have already been completed for task 151. Exiting.
Multiple runs task 161: source_group: BC, source_neuron: 7, target_group: POm, target_neuron: 54

--- Data Summary ---
Total events for source process 20158
Total events for target process 10752
Data Time: 900 seconds
Using device: cuda
Overwriting history_length: 128
Overwriting data_time_length: 900
Found existing results. Resuming from run 51...
All 50 runs have already been completed for task 161. Exiting.
Multiple runs task 166: source_group: BC, source_neuron: 7, target_group: POm, target_neuron: 59

--- Data Summary ---
Total events for source process 20158
Total events for target process 9421
Data Time: 900 seconds
Using device: cuda
Overwriting history_length: 128
Overwriting data_time_length: 900
Found existing results. Resuming from run 51...
All 50 runs have already been completed for task 166. Exiting.
Multiple runs task 163: source_group: BC, source_neuron: 7, target_group: POm, target_neuron: 56

--- Data Summary ---
Total events for source process 20158
Total events for target process 13628
Data Time: 900 seconds
Using device: cuda
Overwriting history_length: 128
Overwriting data_time_length: 900
Found existing results. Resuming from run 51...
All 50 runs have already been completed for task 163. Exiting.
Multiple runs task 162: source_group: BC, source_neuron: 7, target_group: POm, target_neuron: 55

--- Data Summary ---
Total events for source process 20158
Total events for target process 18269
Data Time: 900 seconds
Using device: cuda
Overwriting history_length: 128
Overwriting data_time_length: 900
Found existing results. Resuming from run 51...
All 50 runs have already been completed for task 162. Exiting.
Multiple runs task 160: source_group: BC, source_neuron: 7, target_group: POm, target_neuron: 53

--- Data Summary ---
Total events for source process 20158
Total events for target process 27060
Data Time: 900 seconds
Using device: cuda
Overwriting history_length: 128
Overwriting data_time_length: 900
Found existing results. Resuming from run 51...
All 50 runs have already been completed for task 160. Exiting.
Multiple runs task 165: source_group: BC, source_neuron: 7, target_group: POm, target_neuron: 58

--- Data Summary ---
Total events for source process 20158
Total events for target process 8618
Data Time: 900 seconds
Using device: cuda
Overwriting history_length: 128
Overwriting data_time_length: 900
Found existing results. Resuming from run 51...
All 50 runs have already been completed for task 165. Exiting.
Multiple runs task 145: source_group: BC, source_neuron: 6, target_group: POm, target_neuron: 55

--- Data Summary ---
Total events for source process 24874
Total events for target process 18269
Data Time: 900 seconds
Using device: cuda
Overwriting history_length: 128
Overwriting data_time_length: 900
Found existing results. Resuming from run 51...
All 50 runs have already been completed for task 145. Exiting.
Multiple runs task 164: source_group: BC, source_neuron: 7, target_group: POm, target_neuron: 57

--- Data Summary ---
Total events for source process 20158
Total events for target process 1872
Data Time: 900 seconds
Using device: cuda
Overwriting history_length: 128
Overwriting data_time_length: 900
Found existing results. Resuming from run 51...
All 50 runs have already been completed for task 164. Exiting.
Multiple runs task 167: source_group: BC, source_neuron: 7, target_group: POm, target_neuron: 60

--- Data Summary ---
Total events for source process 20158
Total events for target process 12539
Data Time: 900 seconds
Using device: cuda
Overwriting history_length: 128
Overwriting data_time_length: 900
Found existing results. Resuming from run 51...
All 50 runs have already been completed for task 167. Exiting.
