Warning: Failed writing log files to directory [/var/log/nvidia-mps]. No logs will be available.
Multiple runs task 185: source_group: BC, source_neuron: 8, target_group: POm, target_neuron: 61

--- Data Summary ---
Total events for source process 39192
Total events for target process 11540
Data Time: 900 seconds
Using device: cuda
Overwriting history_length: 128
Overwriting data_time_length: 900
Found existing results. Resuming from run 51...
All 50 runs have already been completed for task 185. Exiting.
Multiple runs task 177: source_group: BC, source_neuron: 8, target_group: POm, target_neuron: 53

--- Data Summary ---
Total events for source process 39192
Total events for target process 27060
Data Time: 900 seconds
Using device: cuda
Overwriting history_length: 128
Overwriting data_time_length: 900
Found existing results. Resuming from run 51...
All 50 runs have already been completed for task 177. Exiting.
Multiple runs task 168: source_group: BC, source_neuron: 7, target_group: POm, target_neuron: 61

--- Data Summary ---
Total events for source process 20158
Total events for target process 11540
Data Time: 900 seconds
Using device: cuda
Overwriting history_length: 128
Overwriting data_time_length: 900
Found existing results. Resuming from run 51...
All 50 runs have already been completed for task 168. Exiting.
Multiple runs task 189: source_group: BC, source_neuron: 9, target_group: POm, target_neuron: 48

--- Data Summary ---
Total events for source process 3618
Total events for target process 14713
Data Time: 900 seconds
Using device: cuda
Overwriting history_length: 128
Overwriting data_time_length: 900
Found existing results. Resuming from run 51...
All 50 runs have already been completed for task 189. Exiting.
Multiple runs task 187: source_group: BC, source_neuron: 9, target_group: POm, target_neuron: 46

--- Data Summary ---
Total events for source process 3618
Total events for target process 20800
Data Time: 900 seconds
Using device: cuda
Overwriting history_length: 128
Overwriting data_time_length: 900
Found existing results. Resuming from run 51...
All 50 runs have already been completed for task 187. Exiting.
Multiple runs task 178: source_group: BC, source_neuron: 8, target_group: POm, target_neuron: 54

--- Data Summary ---
Total events for source process 39192
Total events for target process 10752
Data Time: 900 seconds
Using device: cuda
Overwriting history_length: 128
Overwriting data_time_length: 900
Found existing results. Resuming from run 51...
All 50 runs have already been completed for task 178. Exiting.
Multiple runs task 173: source_group: BC, source_neuron: 8, target_group: POm, target_neuron: 49

--- Data Summary ---
Total events for source process 39192
Total events for target process 3403
Data Time: 900 seconds
Using device: cuda
Overwriting history_length: 128
Overwriting data_time_length: 900
Found existing results. Resuming from run 51...
All 50 runs have already been completed for task 173. Exiting.
Multiple runs task 186: source_group: BC, source_neuron: 8, target_group: POm, target_neuron: 62

--- Data Summary ---
Total events for source process 39192
Total events for target process 16159
Data Time: 900 seconds
Using device: cuda
Overwriting history_length: 128
Overwriting data_time_length: 900
Found existing results. Resuming from run 51...
All 50 runs have already been completed for task 186. Exiting.
Multiple runs task 180: source_group: BC, source_neuron: 8, target_group: POm, target_neuron: 56

--- Data Summary ---
Total events for source process 39192
Total events for target process 13628
Data Time: 900 seconds
Using device: cuda
Overwriting history_length: 128
Overwriting data_time_length: 900
Found existing results. Resuming from run 51...
All 50 runs have already been completed for task 180. Exiting.
Multiple runs task 191: source_group: BC, source_neuron: 9, target_group: POm, target_neuron: 50

--- Data Summary ---
Total events for source process 3618
Total events for target process 29032
Data Time: 900 seconds
Using device: cuda
Overwriting history_length: 128
Overwriting data_time_length: 900
Found existing results. Resuming from run 51...
All 50 runs have already been completed for task 191. Exiting.
Multiple runs task 169: source_group: BC, source_neuron: 7, target_group: POm, target_neuron: 62

--- Data Summary ---
Total events for source process 20158
Total events for target process 16159
Data Time: 900 seconds
Using device: cuda
Overwriting history_length: 128
Overwriting data_time_length: 900
Found existing results. Resuming from run 51...
All 50 runs have already been completed for task 169. Exiting.
Multiple runs task 174: source_group: BC, source_neuron: 8, target_group: POm, target_neuron: 50

--- Data Summary ---
Total events for source process 39192
Total events for target process 29032
Data Time: 900 seconds
Using device: cuda
Overwriting history_length: 128
Overwriting data_time_length: 900
Found existing results. Resuming from run 51...
All 50 runs have already been completed for task 174. Exiting.
Multiple runs task 170: source_group: BC, source_neuron: 8, target_group: POm, target_neuron: 46

--- Data Summary ---
Total events for source process 39192
Total events for target process 20800
Data Time: 900 seconds
Using device: cuda
Overwriting history_length: 128
Overwriting data_time_length: 900
Found existing results. Resuming from run 47...
--- Starting Multiple Runs Estimation (Runs 47 to 50) ---
  0%|          | 0/4 [00:00<?, ?it/s]Multiple runs task 175: source_group: BC, source_neuron: 8, target_group: POm, target_neuron: 51

--- Data Summary ---
Total events for source process 39192
Total events for target process 40082
Data Time: 900 seconds
Using device: cuda
Overwriting history_length: 128
Overwriting data_time_length: 900
Found existing results. Resuming from run 51...
All 50 runs have already been completed for task 175. Exiting.
Multiple runs task 183: source_group: BC, source_neuron: 8, target_group: POm, target_neuron: 59

--- Data Summary ---
Total events for source process 39192
Total events for target process 9421
Data Time: 900 seconds
Using device: cuda
Overwriting history_length: 128
Overwriting data_time_length: 900
Found existing results. Resuming from run 51...
All 50 runs have already been completed for task 183. Exiting.
Multiple runs task 184: source_group: BC, source_neuron: 8, target_group: POm, target_neuron: 60

--- Data Summary ---
Total events for source process 39192
Total events for target process 12539
Data Time: 900 seconds
Using device: cuda
Overwriting history_length: 128
Overwriting data_time_length: 900
Found existing results. Resuming from run 51...
All 50 runs have already been completed for task 184. Exiting.
Multiple runs task 188: source_group: BC, source_neuron: 9, target_group: POm, target_neuron: 47

--- Data Summary ---
Total events for source process 3618
Total events for target process 12731
Data Time: 900 seconds
Using device: cuda
Overwriting history_length: 128
Overwriting data_time_length: 900
Found existing results. Resuming from run 51...
All 50 runs have already been completed for task 188. Exiting.
Multiple runs task 172: source_group: BC, source_neuron: 8, target_group: POm, target_neuron: 48

--- Data Summary ---
Total events for source process 39192
Total events for target process 14713
Data Time: 900 seconds
Using device: cuda
Overwriting history_length: 128
Overwriting data_time_length: 900
Found existing results. Resuming from run 51...
All 50 runs have already been completed for task 172. Exiting.
Multiple runs task 182: source_group: BC, source_neuron: 8, target_group: POm, target_neuron: 58

--- Data Summary ---
Total events for source process 39192
Total events for target process 8618
Data Time: 900 seconds
Using device: cuda
Overwriting history_length: 128
Overwriting data_time_length: 900
Found existing results. Resuming from run 51...
All 50 runs have already been completed for task 182. Exiting.
Multiple runs task 176: source_group: BC, source_neuron: 8, target_group: POm, target_neuron: 52

--- Data Summary ---
Total events for source process 39192
Total events for target process 38515
Data Time: 900 seconds
Using device: cuda
Overwriting history_length: 128
Overwriting data_time_length: 900
Found existing results. Resuming from run 51...
All 50 runs have already been completed for task 176. Exiting.
Multiple runs task 190: source_group: BC, source_neuron: 9, target_group: POm, target_neuron: 49

--- Data Summary ---
Total events for source process 3618
Total events for target process 3403
Data Time: 900 seconds
Using device: cuda
Overwriting history_length: 128
Overwriting data_time_length: 900
Found existing results. Resuming from run 51...
All 50 runs have already been completed for task 190. Exiting.
Multiple runs task 171: source_group: BC, source_neuron: 8, target_group: POm, target_neuron: 47

--- Data Summary ---
Total events for source process 39192
Total events for target process 12731
Data Time: 900 seconds
Using device: cuda
Overwriting history_length: 128
Overwriting data_time_length: 900
Found existing results. Resuming from run 51...
All 50 runs have already been completed for task 171. Exiting.
Multiple runs task 181: source_group: BC, source_neuron: 8, target_group: POm, target_neuron: 57

--- Data Summary ---
Total events for source process 39192
Total events for target process 1872
Data Time: 900 seconds
Using device: cuda
Overwriting history_length: 128
Overwriting data_time_length: 900
Found existing results. Resuming from run 51...
All 50 runs have already been completed for task 181. Exiting.
Multiple runs task 179: source_group: BC, source_neuron: 8, target_group: POm, target_neuron: 55

--- Data Summary ---
Total events for source process 39192
Total events for target process 18269
Data Time: 900 seconds
Using device: cuda
Overwriting history_length: 128
Overwriting data_time_length: 900
Found existing results. Resuming from run 51...
All 50 runs have already been completed for task 179. Exiting.
 25%|██▌       | 1/4 [01:59<05:58, 119.58s/it] 50%|█████     | 2/4 [04:08<04:10, 125.30s/it] 75%|███████▌  | 3/4 [06:38<02:16, 136.63s/it]100%|██████████| 4/4 [08:34<00:00, 128.46s/it]100%|██████████| 4/4 [08:34<00:00, 128.73s/it]

--- Run 47/50 ---
Run 47 : ln_yyx = 160.355
Loss - yyx: -2.716
Run 47 completed in 1.99 minutes.

--- Run 48/50 ---
Run 48 : ln_yyx = 161.691
Loss - yyx: -2.836
Run 48 completed in 2.15 minutes.

--- Run 49/50 ---
Run 49 : ln_yyx = 160.912
Loss - yyx: -2.839
Run 49 completed in 2.50 minutes.

--- Run 50/50 ---
Run 50 : ln_yyx = 161.340
Loss - yyx: -2.819
Run 50 completed in 1.93 minutes.

--- Multiple Runs Summary ---
            count        mean       std  ...         50%         75%         max
ln_yyx_sec   50.0  160.982819  1.440358  ...  160.763061  162.114788  164.591834
loss_yyx     50.0   -2.771039  0.063979  ...   -2.769127   -2.716894   -2.653067

[2 rows x 8 columns]

Results saved to results/hpc_runs-full/runs_full_170.csv
