Warning: Failed writing log files to directory [/var/log/nvidia-mps]. No logs will be available.
Multiple runs task 267: source_group: POm, source_neuron: 51, target_group: BC, target_neuron: 11

--- Data Summary ---
Total events for source process 40082
Total events for target process 3828
Data Time: 900 seconds
Using device: cuda
Overwriting history_length: 128
Overwriting data_time_length: 900
Found existing results. Resuming from run 51...
All 50 runs have already been completed for task 267. Exiting.
Multiple runs task 270: source_group: POm, source_neuron: 51, target_group: BC, target_neuron: 4

--- Data Summary ---
Total events for source process 40082
Total events for target process 10683
Data Time: 900 seconds
Using device: cuda
Overwriting history_length: 128
Overwriting data_time_length: 900
Found existing results. Resuming from run 51...
All 50 runs have already been completed for task 270. Exiting.
Multiple runs task 281: source_group: POm, source_neuron: 52, target_group: BC, target_neuron: 3

--- Data Summary ---
Total events for source process 38515
Total events for target process 5634
Data Time: 900 seconds
Using device: cuda
Overwriting history_length: 128
Overwriting data_time_length: 900
Found existing results. Resuming from run 51...
All 50 runs have already been completed for task 281. Exiting.
Multiple runs task 283: source_group: POm, source_neuron: 52, target_group: BC, target_neuron: 5

--- Data Summary ---
Total events for source process 38515
Total events for target process 32635
Data Time: 900 seconds
Using device: cuda
Overwriting history_length: 128
Overwriting data_time_length: 900
Found existing results. Resuming from run 51...
All 50 runs have already been completed for task 283. Exiting.
Multiple runs task 272: source_group: POm, source_neuron: 51, target_group: BC, target_neuron: 6

--- Data Summary ---
Total events for source process 40082
Total events for target process 24874
Data Time: 900 seconds
Using device: cuda
Overwriting history_length: 128
Overwriting data_time_length: 900
Found existing results. Resuming from run 51...
All 50 runs have already been completed for task 272. Exiting.
Multiple runs task 278: source_group: POm, source_neuron: 52, target_group: BC, target_neuron: 10

--- Data Summary ---
Total events for source process 38515
Total events for target process 20315
Data Time: 900 seconds
Using device: cuda
Overwriting history_length: 128
Overwriting data_time_length: 900
Found existing results. Resuming from run 51...
All 50 runs have already been completed for task 278. Exiting.
Multiple runs task 286: source_group: POm, source_neuron: 52, target_group: BC, target_neuron: 8

--- Data Summary ---
Total events for source process 38515
Total events for target process 39192
Data Time: 900 seconds
Using device: cuda
Overwriting history_length: 128
Overwriting data_time_length: 900
Found existing results. Resuming from run 51...
All 50 runs have already been completed for task 286. Exiting.
Multiple runs task 274: source_group: POm, source_neuron: 51, target_group: BC, target_neuron: 8

--- Data Summary ---
Total events for source process 40082
Total events for target process 39192
Data Time: 900 seconds
Using device: cuda
Overwriting history_length: 128
Overwriting data_time_length: 900
Found existing results. Resuming from run 51...
All 50 runs have already been completed for task 274. Exiting.
Multiple runs task 265: source_group: POm, source_neuron: 51, target_group: BC, target_neuron: 1

--- Data Summary ---
Total events for source process 40082
Total events for target process 1783
Data Time: 900 seconds
Using device: cuda
Overwriting history_length: 128
Overwriting data_time_length: 900
Found existing results. Resuming from run 51...
All 50 runs have already been completed for task 265. Exiting.
Multiple runs task 279: source_group: POm, source_neuron: 52, target_group: BC, target_neuron: 11

--- Data Summary ---
Total events for source process 38515
Total events for target process 3828
Data Time: 900 seconds
Using device: cuda
Overwriting history_length: 128
Overwriting data_time_length: 900
Found existing results. Resuming from run 51...
All 50 runs have already been completed for task 279. Exiting.
Multiple runs task 280: source_group: POm, source_neuron: 52, target_group: BC, target_neuron: 12

--- Data Summary ---
Total events for source process 38515
Total events for target process 54211
Data Time: 900 seconds
Using device: cuda
Overwriting history_length: 128
Overwriting data_time_length: 900
Found existing results. Resuming from run 51...
All 50 runs have already been completed for task 280. Exiting.
Multiple runs task 269: source_group: POm, source_neuron: 51, target_group: BC, target_neuron: 3

--- Data Summary ---
Total events for source process 40082
Total events for target process 5634
Data Time: 900 seconds
Using device: cuda
Overwriting history_length: 128
Overwriting data_time_length: 900
Found existing results. Resuming from run 51...
All 50 runs have already been completed for task 269. Exiting.
Multiple runs task 282: source_group: POm, source_neuron: 52, target_group: BC, target_neuron: 4

--- Data Summary ---
Total events for source process 38515
Total events for target process 10683
Data Time: 900 seconds
Using device: cuda
Overwriting history_length: 128
Overwriting data_time_length: 900
Found existing results. Resuming from run 51...
All 50 runs have already been completed for task 282. Exiting.
Multiple runs task 264: source_group: POm, source_neuron: 51, target_group: BC, target_neuron: 0

--- Data Summary ---
Total events for source process 40082
Total events for target process 31112
Data Time: 900 seconds
Using device: cuda
Overwriting history_length: 128
Overwriting data_time_length: 900
Found existing results. Resuming from run 51...
All 50 runs have already been completed for task 264. Exiting.
Multiple runs task 273: source_group: POm, source_neuron: 51, target_group: BC, target_neuron: 7

--- Data Summary ---
Total events for source process 40082
Total events for target process 20158
Data Time: 900 seconds
Using device: cuda
Overwriting history_length: 128
Overwriting data_time_length: 900
Found existing results. Resuming from run 51...
All 50 runs have already been completed for task 273. Exiting.
Multiple runs task 276: source_group: POm, source_neuron: 52, target_group: BC, target_neuron: 0

--- Data Summary ---
Total events for source process 38515
Total events for target process 31112
Data Time: 900 seconds
Using device: cuda
Overwriting history_length: 128
Overwriting data_time_length: 900
Found existing results. Resuming from run 45...
--- Starting Multiple Runs Estimation (Runs 45 to 50) ---
  0%|          | 0/6 [00:00<?, ?it/s]Multiple runs task 285: source_group: POm, source_neuron: 52, target_group: BC, target_neuron: 7

--- Data Summary ---
Total events for source process 38515
Total events for target process 20158
Data Time: 900 seconds
Using device: cuda
Overwriting history_length: 128
Overwriting data_time_length: 900
Found existing results. Resuming from run 51...
All 50 runs have already been completed for task 285. Exiting.
Multiple runs task 287: source_group: POm, source_neuron: 52, target_group: BC, target_neuron: 9

--- Data Summary ---
Total events for source process 38515
Total events for target process 3618
Data Time: 900 seconds
Using device: cuda
Overwriting history_length: 128
Overwriting data_time_length: 900
Found existing results. Resuming from run 51...
All 50 runs have already been completed for task 287. Exiting.
Multiple runs task 277: source_group: POm, source_neuron: 52, target_group: BC, target_neuron: 1

--- Data Summary ---
Total events for source process 38515
Total events for target process 1783
Data Time: 900 seconds
Using device: cuda
Overwriting history_length: 128
Overwriting data_time_length: 900
Found existing results. Resuming from run 51...
All 50 runs have already been completed for task 277. Exiting.
Multiple runs task 266: source_group: POm, source_neuron: 51, target_group: BC, target_neuron: 10

--- Data Summary ---
Total events for source process 40082
Total events for target process 20315
Data Time: 900 seconds
Using device: cuda
Overwriting history_length: 128
Overwriting data_time_length: 900
Found existing results. Resuming from run 51...
All 50 runs have already been completed for task 266. Exiting.
Multiple runs task 275: source_group: POm, source_neuron: 51, target_group: BC, target_neuron: 9

--- Data Summary ---
Total events for source process 40082
Total events for target process 3618
Data Time: 900 seconds
Using device: cuda
Overwriting history_length: 128
Overwriting data_time_length: 900
Found existing results. Resuming from run 51...
All 50 runs have already been completed for task 275. Exiting.
Multiple runs task 284: source_group: POm, source_neuron: 52, target_group: BC, target_neuron: 6

--- Data Summary ---
Total events for source process 38515
Total events for target process 24874
Data Time: 900 seconds
Using device: cuda
Overwriting history_length: 128
Overwriting data_time_length: 900
Found existing results. Resuming from run 45...
--- Starting Multiple Runs Estimation (Runs 45 to 50) ---
  0%|          | 0/6 [00:00<?, ?it/s]Multiple runs task 268: source_group: POm, source_neuron: 51, target_group: BC, target_neuron: 12

--- Data Summary ---
Total events for source process 40082
Total events for target process 54211
Data Time: 900 seconds
Using device: cuda
Overwriting history_length: 128
Overwriting data_time_length: 900
Found existing results. Resuming from run 51...
All 50 runs have already been completed for task 268. Exiting.
Multiple runs task 271: source_group: POm, source_neuron: 51, target_group: BC, target_neuron: 5

--- Data Summary ---
Total events for source process 40082
Total events for target process 32635
Data Time: 900 seconds
Using device: cuda
Overwriting history_length: 128
Overwriting data_time_length: 900
Found existing results. Resuming from run 51...
All 50 runs have already been completed for task 271. Exiting.
 17%|█▋        | 1/6 [01:36<08:00, 96.13s/it] 17%|█▋        | 1/6 [02:52<14:23, 172.70s/it] 33%|███▎      | 2/6 [03:54<08:03, 120.91s/it] 33%|███▎      | 2/6 [04:01<07:26, 111.56s/it] 50%|█████     | 3/6 [05:58<05:42, 114.20s/it] 50%|█████     | 3/6 [06:36<06:58, 139.60s/it] 67%|██████▋   | 4/6 [07:32<03:33, 106.54s/it] 67%|██████▋   | 4/6 [07:57<03:52, 116.11s/it] 83%|████████▎ | 5/6 [09:06<01:42, 102.34s/it] 83%|████████▎ | 5/6 [09:45<01:52, 112.88s/it]100%|██████████| 6/6 [11:26<00:00, 115.13s/it]100%|██████████| 6/6 [11:26<00:00, 114.49s/it]

--- Run 45/50 ---
Run 45 : ln_yyx = 171.567
Loss - yyx: -3.088
Run 45 completed in 1.60 minutes.

--- Run 46/50 ---
Run 46 : ln_yyx = 188.221
Loss - yyx: -3.516
Run 46 completed in 2.30 minutes.

--- Run 47/50 ---
Run 47 : ln_yyx = 176.276
Loss - yyx: -3.186
Run 47 completed in 2.70 minutes.

--- Run 48/50 ---
Run 48 : ln_yyx = 174.893
Loss - yyx: -3.186
Run 48 completed in 0.93 minutes.

--- Run 49/50 ---
Run 49 : ln_yyx = 179.245
Loss - yyx: -3.310
Run 49 completed in 1.58 minutes.

--- Run 50/50 ---
Run 50 : ln_yyx = 181.950
Loss - yyx: -3.352
Run 50 completed in 2.33 minutes.

--- Multiple Runs Summary ---
            count        mean       std  ...         50%         75%         max
ln_yyx_sec   50.0  179.677193  5.272800  ...  180.517775  182.887805  191.674483
loss_yyx     50.0   -3.299871  0.136019  ...   -3.325364   -3.188352   -3.006559

[2 rows x 8 columns]

Results saved to results/hpc_runs-full/runs_full_276.csv
100%|██████████| 6/6 [11:55<00:00, 118.92s/it]100%|██████████| 6/6 [11:55<00:00, 119.27s/it]

--- Run 45/50 ---
Run 45 : ln_yyx = 174.018
Loss - yyx: -3.120
Run 45 completed in 2.88 minutes.

--- Run 46/50 ---
Run 46 : ln_yyx = 188.025
Loss - yyx: -3.502
Run 46 completed in 1.15 minutes.

--- Run 47/50 ---
Run 47 : ln_yyx = 175.993
Loss - yyx: -3.199
Run 47 completed in 1.96 minutes.

--- Run 48/50 ---
Run 48 : ln_yyx = 175.934
Loss - yyx: -3.236
Run 48 completed in 1.98 minutes.

--- Run 49/50 ---
Run 49 : ln_yyx = 181.225
Loss - yyx: -3.332
Run 49 completed in 1.79 minutes.

--- Run 50/50 ---
Run 50 : ln_yyx = 183.190
Loss - yyx: -3.358
Run 50 completed in 2.18 minutes.

--- Multiple Runs Summary ---
            count        mean       std  ...         50%         75%         max
ln_yyx_sec   50.0  180.549004  5.329612  ...  181.405294  183.497190  193.105908
loss_yyx     50.0   -3.321349  0.132438  ...   -3.348995   -3.213631   -3.092986

[2 rows x 8 columns]

Results saved to results/hpc_runs-full/runs_full_284.csv
